адиабатический
адиабатического
азаматов
ай-типа
антиферромагнетизма
антиферромагнетиках
ас-типа
асгатович
ахуткина
башкирск
башкирский
башкортостан
белотелов
валиди
векторного
векторной
вихревые
гадецкий
гиромагнитное
гироскопическая
гироскопических
гироскопического
гироскопическое
гироскопической
гиротропное
градусной
двухподрешеточной
двухподрешеточных
дефект
дзялошинского
дивергенция
диссипатив
диссипативной
доменами
доменная
дхк
завершенным
заки
закрученности
ильдар
импульса-энергии
использованного
использованный
каюмов
компактное
кратк
ксь
курбатова
лбп
лн
локализована
лсп
магнетика
магнетиках
магнетиков
магнитомеханических
магнуса
малоземов
микроэлектроники
миниахат
морина
муртазин
намагниченно
намагниченностей
намагниченностью
неелевской
ненулевой
обменной
одиноч
окл
ортоферрита
ортоферриты
охег
попков
применявшийся
прогиб
протяженную
пульсонного
равилевич
раилович
рамиль
редкоземельные
релея
рзо
ромбических
рсгл
сверхвысокой
сверхзвуковой
сгл
слонзуски
статике
сфм
танкеев
топологического
топологической
усредняем
уфа
учитывающим
учтем
ферромагнетиках
ферромагнетиков
фиан
фм
фнт
цилиндрическими
четкин
шамиль
шамсутдинов
шапае-ва
ёгтт
аык
баротропных
бга
белоненко
береговая
бисенгалиев
вкл
геофизической
гребни
групповой
гф
зонального
зональном
зональный
квазистатическом
константой
кориолиса
ляющих
магнитогидродинамических
меридиана
меридиональная
меридионального
меридиональной
монин
мусцевой
набегаюшэя
набегающая
набегающей
несжимаемая
отра-получаем
отрицательна
перпендикулярны
пластиной
робертович
рэлеевской
сц
термоупругой
толипов
тояче-поступательных
храпов
широтная
широтной
экспоненциальное
яехр
абсорбционной
автоло-кализованные
автолокализованным
азида
азидов
актуальностью
алэ
алюминиевую
анионными
анионов
аннигиляцией
аннигиляции
аннигиляция
атм
атомно-абсорбционного
базелян
бомбардировке
бочканов
быстропротекаю-щих
быстропротекающих
ваб
вакуумная
вершинин
вза-имод
взаимод
вторичную
выделяемого
высвечиваются
газоразрядных
галогенная
галоидных
гетеросистем
гетероядерные
гетероядерных
гомологическими
гречкина
дейтериевая
делокализации
детонации
детонационные
дефектах
дефектообразования
деформационное
длинновременные
долгоживущи-ми
доминирующими
завадовская
завернутый
завершающиеся
запасенной
зарядку
затухает
зонными
зонных
и-пары
идентичной
избыточной
излучательно
излучательный
излучаться
измеренном
измеренный
измерительная
изова-лентного
индукционный
инициировании
инициироваться
инициируемые
инп
интервалах
информационным
ионом
кадмий
кальцитов
катастрофическими
катастрофических
катастрофическому
катодолюминес-центный
катодолюминесцен-ции
катодолюминесцентной
катодолюминесцентный
катодолюминесценция
квазистабильное
кварца
кварце
кварцевом
кемеровский
кинетике
конденсированными
контактном
контролируемом
корот-коживущего
корот-коживущих
короткоживущие
коррелированной
коррелированные
коррелированных
криостат
кроудиона
кроудионом
кумуляция
куперштох
латв
лидерного
ликай
локализованные
локализоваться
локальная
лущик
люминесцентного
люминесцентной
люминесцентном
люминесцентный
люминесцентным
люминесценция
люминофора
лях
м-центров
магния
маловероятным
малоэффективно
малоэффективным
масс-спектрометрическим
междоузлие
межионные
межионных
меняющегося
механизмах
микрогетерогенных
микрокриогенная
минералов
минобразования
многокомпонентные
мо-нохроматоры
моноимпульсным
монохроматоры
муратов
н-пар
н-парой
н-пары
н-центра
н-центре
н-центром
н-центры
на-носекундный
нагревание
нагревом
наносекундной
научно-педагогических
нейтрального
нентов
необратимые
непрозрачна
неравновесная
неравновесной
несобственных
нестабильными
нецентрально-симметричного
новном
обеспечивающая
обеспечивающий
обзорных
облучался
обусловливающее
околодефектных
околопримесного
околопримесные
описывающих
осциллограмм
осциллографы
отличающимся
панорамным
первичные
перескока
перспективность
пжтф
плот-ноупакованный
плотноупакованных
погло
подсистем
полуэктова
пороговые
преддефектного
преддефектное
предпробивные
прессованных
проведенными
продемонстрированы
продуктфотолиза
промежуточного
пульт
равновесная
радиац
радиационнных
радиационно-стойкими
радиационно-стойких
радиация
радиусе
разлетающихся
различимые
разогрев
разогретых
райзер
расматова
распадающегося
распылением
регулируемая
рекомбинацию
рентгеновскую
ронных
рубинового
рутила
саб
светопропускания
светосуммы
светотехника
светотехники
свечением
свинца-кадмий
секундного
серикова
сигимов
силикатные
сильноточные
сильноточный
симп
синхронизации
смещенный
смещено
совещ
соседнее
соударения
спектрально
спектрометр
спектрометра
спектрометрии
спектрофотометрическим
стабильными
стенд
степанчук
стимулированных
стреж
сэп
тгу
температурно-зависимого
температурно-независимого
теплофизика
термоактивированного
термоактивированном
термоактивированный
тн-пары
топографии
торшин
тпи
трансформаторных
туннельной
удаленным
ультрафиолетовой
умножитель
умножителя
уразба-ев
уроран
ускоренных
ускорителей
ускоритель
флуктуационная
фокусированные
фокусирующихся
фотовозбуждением
фотолиза
фотоумножители
фотохимической
фотоэдс
фотоэлектрической
фотоэлектронного
фотоэлектронный
френкелевских
френкелевской
френкеля
функциональная
фщзм
характерному
церийсодержащие
церия
чинков
широкощелевых
шишацкая
штанько
щелочно-галоидных
щелочногалоидных
щелочноземельных
щелочных
щения
эк-ситонов
эк-ситоны
экситона
экситонам
экситонов
экситоном
элект
электродах
электронейтрального
электронейтральных
электронно-дырочную
электронно-дырочных
электронно-индуцированную
электронно-пучковом
электронно-тепловые
эмиссию
эффективностью
я-центр
я-центров
я-центры
акопян
аппроксимировали
аппроксимирующих
арифметическое
асимптот
асимптотическим
ац
бурении
ваймер
вание
вариационных
варьировали
взаимовлияния
водонасыщенного
выемки
вычисляли
вычисляют
галлагер
глобальной
глубоководный
глубоководных
гринько
грунтах
грунтовый
грунторазрабатывающей
де-виатора
девиатора
демиденко
деформируемых
дифференциалы
дробление
еб
еун
жегшего
заделкой
замедленно
занимающей
землеройной
землеройные
землеройных
зоной
инденторами
итерационная
квазистатическую
кнуса
колмогоров
конеч
конечно-элементной
конечными
конкреции
конкреций
копания
кпа
кромка
лобовой
лорана
магнушевский
массиву
межвед
ментов
мизеса
мизеса-шлейхера-боткина
минимизирование
моделировало
моделируются
моделирующего
моделирующих
моделируя
моментная
моментной
мскэ
муар
муарам
муары
на-гружений
на-гружения
на-уч
напряженно-деформированное
наращивали
непревышения
неразличимы
ничке
панасюк
перекрытии
перемещению
пластического
пластическому
пластичного
пластичное
показанный
полиномиального
полиномиальные
поэтапное
примыкающие
приращениях
проектиро
прорезей
прорези
раздвиганию
раздвигания
расчетную
режущая
режущего
режущему
режущие
режущий
режущим
режущими
режущих
реологические
реологической
респ
ритца
руд
свай
свайных
сдвиговый
селективного
селективном
селективному
селективный
сколообразования
смыкается
снигерев
соответствием
стабилизировавшаяся
стабилизировалась
стабилизировались
стабилизируется
строительное
стружки
стх
схемой
сходилась
тгтт
тео
типовыми
тст
ттптгггггтп
ттт
ударной
удельную
узловыми
упругопла-стическом
упругопластического
упругопластическое
упругопластической
феликсович
фрезерного
функциональные
чантха
шагово-итерационном
шагово-итерационный
шагово-итерационным
эпюры
ёуи
вогнуго-выпуклой
гаганрог
ггг
генерируемого
гидролокатором
диаметру
измеренная
кривизной
линзой
линзу
многокомпо
монокристаллического
ненапряженной
оборонной
отбракованные
параллелепипеда
переочистки
переплавку
пластин
плоско-параллельном
плоскопараллельных
плоскоцилиндрических
плоскоцилиндрическом
поляризационно-оптическим
поляризованным
премно-излучающего
проверялось
производственный
просвечивании
разрезании
расширили
сканируя
слабопоглощающим
слитка
технологической
уз-волны
уз-методов
уз-преобразователем
уз-преобразователь
уз-преобразователя
уз-пучка
уз-пучок
фокусному
чулков
экологическими
эллипсоидальными
эхо-сигналов
эхоимпулъсов
эхоимпульса
эхоимпульсов
эхоимпульсое
а-коэффициент
аварийном
автомате
автомодельной
автомодельную
азк
азк-т
ай
андропова
аппроксимаций
архипов
башаров
буссинсска
вентиляция
вероятностно-статистическое
воднопссчаной
вытекании
вычислительными
газовоздушной
газодисперсных
газопровода
газопроводов
гидроциклоне
гидроциклонных
динами
динамичсско
диффузионный
диффузию
диффундировать
дррмр
е-удельная
евтюшкип
запирающих
здор
зопроводе
зр
ильгизяровна
индексном
инерционностью
йй
йё
клячко
комплектацию
конвективный
континуумов
корягин
кранов
крупномасштабной
лаптев
мд
минниахматович
минпромнауки
многоскоростных
многофазном
моделирована
моделироваться
моделями
мр
нефтехимических
ньютоновский
ньютоновского
ньютоновском
обрат-р
обслуживании
определяйся
ос-редненного
освоен
оседания
осреднения
осредненную
осредненным
осредпенного
относительными
отравлению
офазная
перекрытия
пограничного
подразделениях
полидисперсного
прилегающей
пульсационпую
пульсируют
пылевых
пылеприемных
р-г
разрабо
реалистически
редняя
рейнольдсу
ризующий
рмр
рру
рят
сверхзвуковом
сдвиговом
седиментации
сепараторов
сепарации
сиу
следе
соотвествует
ссс
ставляющие
стокса
стоксов-ском
стоксовский
стоксовском
стохастический
стохастического
стохастическое
суспензии
сушо
сцр
температу
теплоотдачи
технол
тицами
тка
токсичных
томсктрансгаз
тонкодисперсных
транспортировке
трубопровод
трубопроводы
тур-булентного
турбулентное
турбулентности
турбулентную
турбулентный
турбулентных
турбулептьгх
ты
у-ур
утечка
ф-коэффициент
фарахова
характеризуемой
характерстикам
ческого
численными
шлихтинг
шрагер
ыуравнений
эво
энергосодержащего
энергосодержащих
юл
яц
ёгас
а-источники
а-источников
а-части-цы
а-частиц
а-частица-ми
а-частицами
а-частицы
аг-н
алматы
амбиполярной
анализировался
б-переходах
батырбеков
безгелиевыми
будник
бурштейн
в-переходах
вакуумметра
вая
вгсм
вдг
вирин
воспроизводимых
газоразрядном
гбк
гуровня
данилычев
дейтерий
дельта-электронами
джагацпанян
диффузией
длинноволновая
добавками
добровольская
замещения
заселении
заселения
заселенность
излу-чательные
изученными
ик-переходах
инверсная
инертных
ионно-молекулярные
ионные
карачевцев
каскадные
кварцевой
комаровский
конкурирующий
копай
криптона
кула
лазеру
мавлютов
мановакуумметра
мент
меренные
метастабилей
метастабильный
метастабильных
миськевич
нд
не-к
неон
неону
нерезонансной
несуществен
неш
обезгаживалась
откачивались
паразитного
парциального
пеннинга
перезарядкой
перезаряжаться
призмой
прилипанием
прогревалась
пролете
пропускании
р-уровня
радионуклидных
радциг
расплывется
рекомбинацией
рекомбинационном
ртутьсодержащих
рфяц-внииэф
сегментами
сизов
силикагель
симакова
синянский
скорректированные
смесями
смесях
снизилась
содержавшего
спаду
спектрально-временных
таллия
тальрозе
техни
тлеужанов
тоо
трек
трековой
трековым
триплета
тушащей
тушением
фотоника
хлора
широков
эдуардовна
экранироваться
экспери
электрон-ионной
электроотрицательной
энерговклада
энерговкладу
энергоиздат
юрген-сон
ядерными
абляционного
абляционному
абляционный
абляция
акустику
алтухов
амплитудно-временная
амплитудно-временные
асимптотический
барсуков
биполярную
варьировалась
вдадв
взрывные
виатора
вкту
вторыерт
выско-температурных
высокоскоростной
газоплазменного
газоплазменной
газоплазменным
гидродинамике
гидростатическое
глушак
градиенты
григоряна
дбвв
двигающимся
двугорбая
двухволновая
двухволновой
девиаторные
девиаторных
диг
дии
достигаемые
дё
евстигенеев
етобусловлены
залюбовский
ивтан
импульсными
интегральную
интегрировании
интенсивными
ионными
калиниченко
касательное
кодов
кольчужкин
компенсируется
красников
куропатенко
кянель
ла-гранжевом
лагранжевой
лагранжевы
лагранжевых
лазурик
лейви
линейна
магнитоизолирован-ном
механизмами
микросекундный
мип
мущения
наносекундная
наработка
наработки
негидродинамическим
нелинейность
облу
облучаемом
обоснован
обосновывалось
обусловленного
овв
огг
однополярную
осевом
отнесенная
плазма-вакуум
плазма-расплав
плазменной
плазменным
плазмообразо-вание
пластический
пластическую
плотностях
погребняк
подведенная
подвода
подогрев
подразделяются
прандтля-рейсса
протонно-углеродного
протонно-углеродным
протонного
протонной
протонов
протоны
пульсов
радиационно-механические
развертка
развертках
разгрузка
разлету
разоренов
расплав
расширяющегося
рации
ректировать
ремнев
сгенерированного
скачкообразному
стационарному
субмикросекундного
субстанциональные
сформированный
сформированных
талала
текучести
тепловым
термализации
термоупругие
термоупругий
термоупругим
термоупругого
термоупругом
углеродной
ударно-волнового
ударно-волновые
ударным
уилкинс
упруго-гидродинамической
упруго-пластических
упруго-пластического
упруго-пластической
упругопласти-ческой
упругопластических
упругую
ускорителе
ускоряющего
усть-каменогорск
уткин
фокусировка
формирующегося
формирующийся
фортов
цилиндрическом
чаемой
широкодиапазонному
шмыглевского
эйлеровы
эквивалентно
экранировке
экранировки
энергии-металл
энергозапас
юв
яловец
янус-к
ячеславович
ёе
аах
агропромиздат
акварос
анализируемых
аос
арм
атлант
ашл
аэос
базировались
беспозвоночные
беспозвоночных
бпа
ваеров
ввх
вдовин
волотов
вычисленная
вышеназванными
габрюк
галеев
гидробионтам
гидробионтов
гидролокатов
гидрошлейфа
гидрошлейфом
горизонтальное
гтр
движе
дифференциации
дифференциацию
дифференцированных
дифференцированы
документации
донным
дударев
екция
емелин
завысит
завышена
зазором
заферман
значимая
инструментального
каб
кабелей
кабели
калчугин
камбал
камбале
камбапа
кгту
керчак
керчак-яок
керчака-яока
керчаку
количественную
коротков
короткова
коротковым
коэффицие
крабов
лапшин
лапшина
лобо
максимальны
маринпо
мартышевский
мартышевским
минтаю
наваге
наваги
нормируем
нты
ную
облавливаемого
облове
облову
оох
оснастки
осредненные
отрезки
пелагические
перпендикулярную
пинро
пищ
поведенческих
подборы
поляничко
попковым
приморья
проектировании
проектированию
пром
пром-сть
промысловика
раздражителя
распорной
распорными
распорных
розенштейн
рстана
рстанд
рыб-ва
рыболовной
рыболовство
рыбопромыслового
рыбохозяйственного
рыбохозяйственный
рыкунов
рыкунова
рэксп
сгона
серебров
серебровым
скоплений
скоростного
станд
стандартно
стандартном
сходимость
съемка
съемки
съемок
сырьевой
сэкб
таху
телеметрической
тетис
тинро
тихоокеанский
тихоокеанского
траверзе
трал
траления
тралов
траловая
траловые
траловыми
траловых
тралом
убарчук
уло-вистости
уловами
уловистость
уловы
устьевой
устью
учетная
учетов
хоз-во
шл
ьаос
ьгор
ьд
ькаб
ьные
ьо
эдуардович
экз
эксп
экспериментал
этр
айзенштат
алеся
божков
деэмбеддинга
дмитриенко
добуш
зам
затвор-исток
затвор-сток
зондовых
индуктивностя-ми
инженерам-технологам
интегральная
исаакович
исвчпэ
йе
комбинированные
компонентной
конструктивных
копланарный
крутизна
ксуп
малосигнальная
малосигнальных
масштабируемой
метаморфные
микран
мирославович
монолитная
монолитный
монолитных
мси
нано-материалы
наногетероструктурной
неудовлетворительное
ниипп
ноц
омм
оптимизационные
оптимизационных
оптимизируемыми
оптимизируемых
офи
паразитные
пгн
псевдоморфные
псевдоморфный
радиоэлектронике
радифович
ринат
рнемт
свч-устройств
связывающую
сеа
смоделированные
смоделированных
сопротивлениями
среднеквадратического
степачева
стоке
тнемт
тнемт-транзистора
транзистор
у-параметры
уц
фф
целевую
частотно-независимых
черкашин
шеерман
шумовой
э-параметров
экстракцию
экстракция
ющенко
яграницы
ячменёв
аномальном
аномальными
аустените
беломестных
беспорядок-порядок
бх
вакс
вариационный
внм
внутрифазовые
вонсовский
втс
вхтт
двойниковые
двухуровневая
двухям-ного
двухямный
делокали-зован
делокализация
делокализован
дчто
ж-йц
изученных
изюмов
инициируемым
интерметалли-дов
йкутп
йю
квазивязкого
квтп
квтр
кристаллическую
курмаев
лясоцкий
макроскопическом
малыгин
мар-тенситного
мартен-ситного
мартенси-тного
мартенситно-го
мартенситном
мартенситных
междоузлий
мезомеханика
мезоскопические
мезоскопическом
металловедение
механическую
микроскопическую
минимизируют
наблюдаемом
нахо-дим
неравновесную
неупругой
одночастичная
одночастичных
операторе
ори-ентационные
оцк
перескоки
переходные
покомпонентно
поликристаллах
предпе-реходного
предпе-реходном
предпере-ходного
предпере-ходное
предпереход-ного
предпереход-ное
предпереходным
продольным
протекающем
псевдоспинами
псевдоспиновыми
размытые
размягчением
рактерно
ратуре
рисункок
рн
рнм
ртс
самосогласования
самосогласованного
сдвиговую
сегнето-электрического
сегнетоэлек-триках
сегнетоэлек-триков
семухин
симметричном
слабоустойчивое
статсумма
стрикционной
структурно-неустойчивых
структурное
структурном
структурноне-устойчивый
структурнонеустой-чивых
структурнонеустойчи-вом
структурнонеустойчи-вую
структурнонеустойчи-вых
структурнонеустойчивому
структурноустойчивых
существенен
сь
тб
темпе
термообработки
тсч
тун-нелирования
туннелирова-нием
туннелирова-ния
туннелирование
тяпкин
ульянов
упорядоченное
флуктуацию
фо-нонную
фононов
х-компонента
хас-анов
хид
четырехчастичного
щпа
ямами
ярщ
аппроксимировано
аппроксимированы
аппроксимирующая
астра
виях
высокоразрешающего
генералова
гурский
делитель
детекторы
дж-см
диоду
дозиметрическая
дозиметрической
дозиметрическую
дозиметрия
емкостной
жидкофазных
измеряли
импульсно-периодический
ионизационные
ионизацию
исламбекович
кайканов
калибровки
карпузов
катоде
кго
кгр
кикоина
коническое
красножёнов
кутонова
лавсана
лавсановой
лавсановую
мазин
маслонаполненной
мегавольтных
микропорошков
мо-ноэнергетичного
модернизированная
моноэнергетич-ного
моноэнергетичного
мостовщиков
муштоватова
нормировании
нормированная
облученно
од
од-ноэлектронное
оценивалось
пикаев
планарному
пластиковые
пленке
пленочные
подложку
полоски
пробегов
промерено
ра-диационно-чувствительная
равномерную
радиационно-чувствительного
радиационно-чувствительное
радиолиз
радиолиза
разбросу
регистрируем
регистрирующая
рентгеновская
скорректированная
слаботочного
согласующим
соковнин
солодкова
сополимер
стерилизации
суперпозиционного
сфеназиновым
термохимических
трансформатором
треки
треков
ускоряющем
усло
феназинового
феназиновое
феназиновым
фильтрами
фламмерсфильда
фурман
цдп
чепель
чувствительного
шарафутдинова
штейнле
экспресс-метод
экстраполированного
экстраполированный
авилам
автомобиле
автомобилестроении
автомобильной
автомобиля-аналога
автомоторная
автомоторный
автопогрузчика
айрбабамян
асбеста
базальтовое
белякин
бензиновым
быстроходных
вдовикин
вдовикина
виброакустики
виброакустических
влияющего
вносимое
волокно
волокном
выдувание
высокооборотного
высокочастотного
выхлопа
выхлопная
выхлопной
выхлопных
глушителе
глушителей
глушитель
глушителя
глушителям
глушителями
гнц
горловин
дба
двигателестроения
двигателям
двс
дизельного
дросселем
дроссель
еэк
жаростойкое
заглушение
заглушений
заглушения
заполненные
звукопоглощающие
звукопоглощающим
звукопоглощения
испытательному
калабухов
каталитический
каталитических
кзп
коллекторов
конструктивным
концентрического
косова
кратковременность
куновский
кустика
легкового
легковых
маз
макарьянц
малкин
металлоемкость
минераловатных
набивка
набивку
накладываемых
натурным
незаглушенного
незаглушенному
нейтрализатор
нейтрализатора
нейтрализаторов
нейтрализаторы
непрошитые
нестационарность
низкооборотных
оборудованию
октавные
оон
отработавших
отработанных
отраслевой
оцениваемый
передачах
перфорированные
перфорированными
перфорированных
повышают
повышенный
поглощению
показателям
понижен
предусмотрен
присоединенные
противодавление
проходное
прошивной
прошитые
пульсацию
разгоне
разрабатывались
расчетно-экспериментальных
расширительная
расширительных
реактивно-активного
реактивно-активные
реактивного
реактивных
реактивых
регламентирующим
резонаторы
сертификационным
смещена
снижать
спектрами
среднегеометрические
стандартам
суменков
технологическому
тихоходным
тихоходных
токсичности
тональным
ужесточением
улучшенные
усовершенствованные
фесина
фиксированную
хвостовая
четырехполюсников
шумозаглушающего
шумообразование
шумоподавляющим
экспериментом
аекербиевич
акимов
аксиально-симметричных
аллин
атомного
атомными
балыкин
ван-дер-ваапьса
дольную
етп
етт
иъо
калганова
капилляре
капилляров
колачевский
кулакова
кууме
ларюшин
летохов
магнито-оптической
нв
необходи
низкоградиентной
овчин
оптическими
осударственное
отбором
отстройки
подуровнем
подуровнями
пролетное
прудников
распадов
расстройка
рыкованов
сборок
северо-кавказский
спонтанный
спонтанных
сравнимых
субдоплеровское
сукачев
сшивки
тайченачев
требующееся
трехмерной
трухов
тулия
фабрикации
целеуказания
чернышов
чипе
ярославович
аксиально-несимметричных
альбедо
альфвена
анод
анод-вк
анода
аноде
антошкин
балл
балле
виркатора
виркаторе
виркаторы
виртуальным
вк-анод
выживания
геометрий
диодного
диодном
диодный
жерлицын
инвариантности
интегралами
канаев
като
катод
катод-анод
коаксиального
коаксиальной
коаксиальный
компактность
конструктивная
курилко
курьяков
манаь
микрофизических
могильницкий
нгуен
нейтрализующего
нерелятивистский
нормированный
нулевую
облачной
облачности
облачными
облачных
обухов
однозначность
одномерное
отражательный
параметре
плазменная
прозрач-ностей
пуч
радиально
радиально-расходящимся
разорванной
рассеивающие
расходяйщийся
расходящегося
рафаэльевич
релятивистские
рухадзе
самосогласованной
сверхпредельными
свч-колеба-ний
слаборелятивистская
слаборелятивистские
слоистая
сходящийся
сходящимся
тем-моды
токами
токах
триод
триода
триодов
триоды
туан
ульрафиолетовых
ультрарелятивистские
фокусировке
ходотаев
чайлда-ленгмюра
шокри
эмиссионной
эмиссионную
як
аналог
бесстолкновительной
бокий
бунчировкой
валентного
вигнера-зейтца
вигнеразейтца
волна-элек-тронный
волна-электронный
вращательные
втгл
гамильтоново
гибридизация
двухмерно
ди-польной
диполя
дшюльных
зародышей
заряженную
знергии
интегралах
интерметал-лиде
й-зоны
квадратичном
кмт
кристаллохимия
ларморовой
магнитостатическом
монотонного
нарастающем
низкочастотных
низкоэнергетическую
нполей
нутации
одноэлектронного
ориентационное
осциллято
по-лях
погорслов
поляризованную
прецессий
приближенное
раскачиваются
розенбаум
самосогласованная
самосогласованный
ситг
ситгш
слабонеоднородной
сохраняющиеся
тгшо
трехмерный
ускоряющимися
электромагнитную
эмв
адсорбции
атомно-молекулярная
биосреды
бурьков
векторная
вологдин
деформированной
диэлектрические
жерин
жидкокристаллическом
загидуллин
изотопного
изотопу
изотопы
имитатора
индык
ионосферной
кальмара
колебательно-электронный
концентрируются
малюков
маразиоти
матрицах
многоквантовый
мужицкий
неадиабатический
несимметричных
остаточной
перекристаллизации
планируются
подвергнутой
пространственно-неоднородной
пушкарный
размытия
реактивным
регенеративный
селекция
сетной
сетных
сивов
смекалина
спаях
старченко
супрунова
тралового
триглицинсульфата
трюхан
упругим
филь
фотоприем
хемосорбционного
ходотов
цепенко
шибаев
электрически-управляемых
алг
анизотропией
блочной
бп
вандермонда
вектор-столбец
взаимодиф-фузии
взаимосвязанную
включающие
возрастающему
возрастающими
г-ехр
гармониками
глг
голографического
гранецентрированная
двумерные
диффузионно-полимеризационными
диффузионными
диффундирует
е-м
емкостью
ехргл
записанном
записанную
квазипериодических
кинетик
кинетику
компактной
композитного
композитные
композиты
ктк
кубическая
лагранжа-сильвестра
матричными
мономер
мп-дп
мц
мя
наночастицы
ндр
неосвещенных
нормировка
объемоцентрированная
показа-составляющие
полимеризацией
полимеризационного
полимеризационными
полимеризационных
полимеризуется
полимеризующей-ся
полимеризующейся
полимерно-мономерной
пръ
резервных
световыми
селективные
символическая
скалярные
спадающем
срезах
срезы
транспонированной
трз
усадки
учитываемом
формируемых
фотонная
фотонном
фотонные
фотополимеризационного
фотополимерные
фпкм
фпмк
чл
чтк
щк
этф
эх
акцепторной
анн
ба-раффа
барафф
баррафа
бинарная
бис-секторной
биссек-т
биссек-торной
биссекторная
биссекторного
биссекторными
бриллю
вмак
внутризон-ному
воз-й
воо
воспроизводящему
всне
гаг
двузонная
двузонную
делированием
детерминант
димости
добно
донорной
дхйг
епп
задействовать
заполняющими
запрещенному
зонами
изменя
индуцированных
инфракрасной
квазинепрерывный
квазинепрерывным
квск
конопко
константных
костюченко
кристаллическим
легированных
лифшица
лэкса
магнитному
магнитооптиче
магнитоотраже-ния
магнитоотражении
магнитоотражения
магнитопропускании
максимумам
малоинерционным
междузонные
ментальные
механохи-мическим
модействие
модельным
модифицировал
молошник
монокристаллами
монокристаллические
монокристаллический
наборам
наборами
наборы
нгн
невозмущенный
нитит
нитном
нитях
нр
орбитальными
ориентаци-ях
ориентаций
ос-цилляций
ос-цилляционные
осцилляционные
осцилляционный
осцилляционных
от--до
пара-е
перерасчета
периодичны
перпендикулярной
пластинами
по-лосковой
пойтинга
полировались
полосковую
полуметаллах
полуметаллов
преобразовывался
прещенной
провалу
проводимо
пунктирная
различающейся
различающимися
рассматриваемыми
резонансами
симметричными
смешиванию
собченко
соленоидом
соответству
спс
стенкам
суммировались
тензоре
тензору
тора
торных
точечная
точечной
трансляционно-симметричными
тригональная
тригональных
ультраквантового
умова
упро
усреднением
фотоэлектрическим
циклотронными
цуркан
штрих-пунктирными
штрихпунктирная
щающие
ь-электронов
ьс-г
ьсу
электроэрозионной
эллипсоидов
эна
ё-к
аж
акции
алхименко
американцам
аппроксимирована
аргументированного
арцимович
ато
ахт
бернашевский
бильного
боровской
водящего
вольт-амперная
выделяемую
высокотемпературную
вышеизложенная
вышеприведенное
ганзий
генерируемой
глобального
грфмл
ддрвыд
дейтерия
дейтона
деляется
дж-с
джакартой
дки
закипанием
ид
излучаемую
имянитов
инжекционных
испарением
иср
йж
караваев
кван
кислов
кислотой
количественными
комсомольская
концентрационная
летчиками
магмы
микроволновые
микроволновых
милливатты
мкал
неболь
негатронах
негатронного
негатронов
незатух
обсуждавшихся
обсужденной
однокомпонентной
осадчий
осно
отданная
петрушенко
плазменные
подвод
подынтегральная
показы
полупроводниковые
попадающей
приравнивания
проксимировать
промежуточной
проплывала
прорывами
радиофизики
разрываться
рассмотренного
рвыд
рвь
рвьщ
реализовались
реализуемая
ротд
роу
самостабилизированной
самостабилизируемую
сверхвысокочастотная
сверхвысокочастотных
свч-колебаний
сингер
скоростные
скоростям
статца
степенной
супероружие
сёзерленда
термодиффузии
термоядерная
термоядерную
термоядерные
товой
трофименко
управляемые
усилители
усредненную
устойчива
феноменологическая
физматгиз
флюктуационное
хазен
хаотического
червяков
чернова
четочной
шаровая
шми
шуг
ышев
юман
юь
авз
активаци
би
бибе
бибег
бп-п
бп-у
бпаб
бпбе
ва-куумированных
валентное
валентном
валентности
валентным
вибрационном
вождается
выливанием
выливании
выливания
германий
германий-селен
германий-сера
германий-теллур
гомогенном
двухвалентном
двухвалентному
дземидко
диселенида
дублет
дублета
з-показаны
закладываются
зп
зпбе
идентифицировано
ик-области
инфракрасном
йпо
квадрупольный
кп-пу
курнакова
лб
лв
лвбе
лялась
мались
мессбауэра
мессбауэровским
металлографическом
микровключений
микрокристаллических
микроскопе
микротвердость
мим
минус-центра
моноселе-нида
моноселениды
мышьяк
мышьяком
навески
насрединов
насыщенными
ненасыщенными
одиночную
однофазность
оебе
оебег
олову
онный
охлаждаемой
охлаждаемую
паб
перемешивании
перестроений
пирометре
плавок
пмт
полупроводнике
приборе
примесная
примесное
примесной
рабчанова
раковистый
расплава
рентгеноа-морфность
рентгеноаморфность
рентгенофазового
селе-ниды
селен
селена
селенидах
селенидов
селениды
селеном
сетку
скоростъ
солидуса
сопро
составам
спектрометре
спектрофотометре
сплавлением
стабилизация
ставляет
стеклообразного
стеклообразном
стеклообразные
стехиометрических
тй
толуоле
трами
узкозонные
усредненной
уширенная
уширенной
уширенные
фотоэлектронной
фотоэлектронных
фпк
халькогенидном
четырехвалентен
четырехвалентного
четырехвалентное
четырехвалентном
четырехвалентному
четырехвалентнос-ти
чяплу
шалденкова
электрофизические
авт
агсга
агсщ
амплитудно-модулированной
амплитудно-модулированных
амплитудно-фазовой
афх
батрин
бигармоническую
бхв-петербург
гарнаева
гауссовым
гч
двухчастотной
диссипативными
дифрагирующих
заменялась
интерферируют
информационно
ипф
квадратичный
квадратичным
модельный
модулированная
модуляционный
наи
накачку
наугольных
несложных
перекачки
разнесении
рудашевский
салов
свид
судо
сухоруков
сфазированы
трехчастотную
убывают
удалениях
фазо-частотной
фазоразностных
частотно-зависимое
шейнфельд
ъю
арендате-лев
ау-стенитному
аусте-нитном
аустенитном
аустенитному
ба
вилхович
вращающего
всесоюзный
гружения
гюнтер
двухфазном
двухфазному
демпфирующих
деформационном
деформационных
деформацию
деформирование
деформированием
деформированию
деформируемого
дилатограм-мы
дилатограмму
дрических
закреплен
закрепляли
закручивается
закручивали
закручивания
зафиксировали
знакопеременной
знакопеременном
изотермических
изотермического
изотермическому
иии
инициированных
инициированы
инструментальную
какулия
касательного
касательные
касательным
клапейрона
клаузиуса
крутящий
крутящим
кручение
кручением
кручении
маничева
мар-тенситной
мар-тенситном
мартенсит-ном
мартенситная
мартенситному
мартенситным
мартенситными
мартенситой
ме-ханоциклированию
межреспубликанский
меха-ноциклировании
меха-ноциклического
механо-циклирование
механо-циклический
механоцик-лировали
механоцикла
механоциклам
механоциклах
механоциклиро-вании
механоциклировали
механоциклирование
механоциклированию
механоциклирования
механоцикличе-ского
механоциклическая
механоциклический
механоциклического
механоциклической
механоциклов
микронапряжений
милливольтметра
минимальных
миц
мовчан
нагружением
нагрузками
наименьшем
накапливаемых
наклеп
наклепа
накопленная
напряжениям
не-упругости
необратимой
необратимым
неоднозначны
неориентированных
неупру-гости
неупругих
неупругость
нике-лида
никелид
никелиде
обратимой
обратимому
обратимым
огх
оптимально
ортогональная
ортогональное
ортогональную
осевым
отах
пластичен
плитудой
подключенного
подсоединен
ползучесть
полупериод
полуцикл
полуциклов
прогнозиро
прутков
раскручивается
раскручиваться
растягивали
растягивающие
растяжением
реверсивное
реверсивной
режимам
ричного
российско-американский
сводимы
сдвиговая
седьмому-восьмому
сжимающего
сиамп
симмет
сконструирована
сложнонапряженном
соосно
спай
статическими
статической
ступенчатого
схемам
тарсин
текстурированием
температурно-силовых
термообработке
термопаре
термоциклировали
термоциклированием
торца
ухта
ухтинский
ухтинском
фиксировали
фиксирования
формоизменением
формоизменению
формоизменения
функционально-механические
ходо-ренко
хромель-алю-мелевой
хромель-капелевой
циклам
циклах
циклирование
циклирования
циклических
цилин
чекалкин
шошоооь
эквиатомного
электропечью
эпф
эталонного
эталонный
аксиально-симметричного
г-шрг
гдъ
дгц
диалоговый
диодных
дъ
елизаров
запи
иаг
интегро-дифференциального
катодного
климаков
конического
лгм
ленточного
лыг
многоострийных
н----г------с
нерелятивистское
нф
одноострийных
параксиального
параксиальное
параксиальной
параксиальном
полутолщина
потенциалу
прогноз-коррекция
пч
р-и
сать
сверхвысоких
свч-приборах
сру
сшп
сыровой
т----г-г
телевный
тестировалась
трапеций
тронного
уменьшаясь
упрощающих
ури
чихачев
ыг
экви-потенциали
электровакуумных
эмитирующей
эмиттирующей
автовыбором
автокорреляционных
акустооптический
анализируемому
асинфазного
асинфазном
асинфазности
варакинл
ветровых
вкп
гидро-метеоиздат
демодулятора
демодуляция
дли
дятлов
квазипериодической
коберси
коррелированными
коррелятора
лонге-хиггинс
многоканальное
неинвариантность
неэнергетических
опознавание
опорной
опорному
ортогонализации
поднесущего
помехоподав
помехоподавляющих
потипак
псп
радиосвязи
радиосистемах
расфазирования
реализу
регистра
режекцией
синфаз
синфазного
синфазном
синфазности
согласованный
стано
тактов
фазности
фм-сигналов
хсс
широкополосной
широтно-импульсной
шпс
шумоподобные
шумоподобными
адаптивный
бендат
благозвучность
гармоническими
гельмгольц
гнюсов
гоноровский
госиздат
госэнерго-издат
гшах
гь
дальномеров
двухточечной
длительностями
дробей
звукоряда
интервалами
интервальному
интервальными
интервальных
информатики
ирисов
исключались
карпенко
ковригин
компонентную
лчм-зондирующими
люстерника
массиве
многоуровневая
модулирована
модулированных
модулирующего
нала
научно-практ
низкочастотные
пе-риодичностей
периодично-стях
периодичностей
периодичности
пирсол
поваляев
поочередное
радиолокационных
руслан
сверхбыстрый
секвентный
сиг
сигналах
синтезированными
слуховых
среднеквадратичной
суммируемых
темперированного
трофимович
тъ
укладывающееся
укладывающихся
физ-мат
цепков
цепных
числителю
ь-ц
экстремальными
экстремумам
экстремумы
янпольского
автоматика
адамара-рябчинского-хилла
безрамерному
бернулли
бесшумной
бунзена
вы-ражений
гауссовского
гидродинамическую
гидромеханики
горев
горючей
декартовы
декодирование
диффузионно-тепловой
достоверными
заниженные
зельдовича-франк-каменецкого
изогнутый
ито-вентцеля
итоговые
ияуа
каллианпур
кибернетике
кодирование
консервативным
короткевич
крапивский
криволинейные
ламинарного
лельна
липцер
лст
марковских
марковского
маркштейн
маркштейна
маркштейном
матем
механ
набегающему
наблюдающуюся
напрашивающимся
неизотропном
неодномерной
несжимаемости
обезразме-ривании
обезразме-ривания
обезразмеривании
обезразмеривания
обоснованиях
околозвукового
определяющем
ортогональном
осесимметричного
параллельности
полуось
прилипание
профилями
равенствами
радиуса-вектора
размерного
размерные
размерных
расшифровка
рожкова
розовский
ротирования
сабденов
скоростное
смещенными
соответств
стенках
стоксу
стохастическая
телемеханика
трехосного
трехосный
упрощаются
ующих
фигурировать
хъ
шеннон
шенноновского
ьяа
аберрации
адуев
азиду
ананьева
анго
аэродинамической
блокировки
боболев
бризантных
быхало
вакуумный
вероятностного
вероятностной
взрывное
взрывному
взрывным
взрывчатые
взрывчатых
внучков
воздей
вуф-области
входном
вырезающую
газодинамического
газодинамической
газодинамическую
газоот-вод
газопроницаемость
гармоникам
гармониках
гармоникой
гришаева
д-т
даммам
диафрагму
диафрагмы
дискриминирует
дисперсностью
дифракционному
дихроичное
дове
дрс
жгуты
жении
жужукало
запуск
защитные
зинченко
зонный
изготовленной
измеритель
инициированию
инициировать
инициирующих
интерференционным
использова
й--кк
каленский
калориметрический
карабанов
квазистационарного
кварц
кварцевая
кварцевого
кварцевому
кварцевый
кварцевым
кемерово
клюева
кобальта
конвективного
конденсированные
кубик
лазерному
латунь
лисков
локализуется
люминесценцией
люминофор
макропробой
малис
малогабаритный
масштабной
матер
мгновенному
методическим
микро-очаговой
микрометра
микроочагов
микроочаговой
микропробоев
микропробоя
многомодовая
многопараметрических
модернизированным
моноблоком
монохроматор
мум
навеска
наливайченко
нано-секундная
наноразмерные
нарастающим
настройка
низкопорогового
низкопороговое
низкопороговый
норамный
нурмухаметов
облучаемая
облучалась
объективом
однород
оихф
окг
опапп
оптоволоконные
оришич
освещенности
осциллографов
отверстии
отзоны
отщеплялось
очаговой
панорамного
панорамном
панорамный
пассажирских
пилотным
планируется
повышает
погребов
подводом
поддерживался
поджималась
подпятник
подпятника
полосовой
полубесконечного
полупроводниковый
порогами
порогах
порошкообразных
поршень
пред-взрывных
предвзрывных
пресс-форма
прессованной
прессованные
прижатия
прижато
прижимался
призма
призмы
приповерхностном
пробоев
проекционной
проекционную
проекционный
радиоинженеров
разгрузку
разлете
рамильевич
рассеивающем
реагирующего
реакционноспособных
регистрирующий
регистрирующих
реперного
ркр
сборка
сборке
сборки
сборку
сверхзвукового
сверхзвуковых
светоделительный
светофильтр
светофильтров
сжатиях
сидонский
сиспользованием
сменное
сменные
снижалась
соизмерима
соответ-ственно
соста-вляет
становке
стенда
таржанов
твердофазном
термокинетических
тетранитропентаэритрита
тэн
ув
ударная
ударно-волновому
уменьшенное
умозрительными
уфс
формирующая
формирующую
фотодетектор
фотодетектора
фотодетекторов
фотодетекторы
фотодиод
фотомодулей
фотомодуль
фотохимическая
фотохимическое
фотохимическую
фотоэлемент
христиановича
частости
чиркашенко
щелчка
электро
электрод-демпфер
электрода-демпфера
энергетическими
энерговыделение
юстировочный
аналоговой
антирезонанса
бородянский
вильбицкая
вуза
галий
глод
гусенко
денисовна
затратами
керамика
корохова
макетов
мельчакова
наименьший
обертона
пй
пкэ
планарный
пьезокерамические
пьезокерамического
пьезоматериала
пьезомодуль
пё
р-ц
радиоэлектронного
радиоэлектронных
рециклинг
сапр
смажевская
сопровож
схемотехники
схемотехнического
таблицам
тдо
тззе
трудоемкого
упростив
фельдман
ьа
электромеханической
а-к
а-с
аву
аграрный
аминоа-зота
аппроксимированные
ар-к
атакуемости
ашатли-агро
бабушкин
байкала
белкин
белково-углеводные
бит-кривая
блоком
богарных
бузмакова
в-к
в-с
вискозиметре
вискозиметрические
вискозиметрия
влаго-емкостью
влагоемкости
влагоемкость
водоудерживающей
выдавливании
выдавливания
выщелоченного
выщелоченных
гидрометиздат
гэф
двухкомпонентную
дей
дкий
дробленая
дробленой
живающая
замеренным
заносились
захватами
изменившаяся
инв
испытуемого
ит
иэгм
капилляр
капиллярам
капиллярах
капиллярная
капиллярно-подвешенной
капиллярном
капиллярную
капиллярных
капилляром
капилляры
каштановых
комбикорма
коническим
конической
консистенции
конус
коробов
крахмалосодержащих
ксп
кудряшова
легкосуглинистых
лемкина
логарифма
логарифмических
лтайского
малявко
материал-стенка
мачихин
морозков
нагревателем
наклону
нимальное
обработанные
одно-физич
одо
ономия
орошаемых
пакшина
пепеляева
перепада
пищеварительными
пищевая
пищевую
пищевых
повышающая
под-прессовывается
подпрес-совка
полива
полимеров
полисахаридов
полуметре
пользуя
пониженными
порций
поршне
посевного
почв
почвенно
почвенно-гидрологическая
почвенно-гидрологической
почвенно-грунтовой
почвенной
почвенном
почвенные
почвенными
почвенных
почвоведение
прикладываемых
продавливается
продавливания
продуктивности
производственно-хозяйственном
проскальзывание
разбросом
рациону
регистрацией
реологии
реологическими
реология
рифленого
рифленый
рифленых
рифлённый
рожью
ротационные
рубашкой
с-к
сдвигаа
секундном
секундный
секундных
сельскохозяйственных
сенькова
сжимаемостью
скольжении
сменных
сопрягаемый
сорбированная
среднесуглинистых
стекания
степного
стержневого
стержневое
структурно-механических
супесчаных
термокапиллярному
термостабилизация
термостатической
термостатическую
трутнев
тяжелосуглини
тяжелосуглинистого
тяжелосуглинистых
увлажнения
увлажненная
умэ
урала
ферментами
ферментолиза
физико-механические
фракционным
чалых
чанг
чернозема
черноземах
черноземы
шнековой
экструдата
экструдированного
экструзии
экструзионная
экструзионных
экструзия
эффектив
авм
аксонометрия
активизацией
априорная
беспропускного
ггортш
ггтах
гидролокационными
горизонтальную
горизонтальные
грузами
дггн
дггп
дуц
дфц
дхц
задачи-поиска
заиленного
заиливание
затонувшие
избирательность
излучение-прием
инженерные
контейнеры
контролируемой
кр-о
лучевом
малоразмерных
маневрировании
метрологические
многолучевой
мониторинге
навигационных
объемными
озвучиваемой
оптимизированные
полужидких
преломленной
приборные
реалистичного
сезонной
снелиуса
среднеквадратические
судна-носителя
считающиеся
технически
улучшит
хоу
эластичной
электростанций
а-и
активностей
аоу
аппаратурного
аппаратурных
апробированные
аун
ач
блоковых
боковым
бункера
бункере
бункеров
буссинеска-фрелиха
бушманова
вениаминович
вифлянцева
влажного
воу
выпускным
выраже
высокоактивных
вышележащих
галицына
гамма-спектрометре
гамма-спектрометрического
генераловым
гидравлическая
горно-химический
гравитационном
детерминированной
дженике
днищем
дозирование
дозирующих
емкостей
емкости
железногорск
замыкания
заполнителя
засыпки
засыпку
зернового
зм
зсмк
измеряемые
истечениясыпучего
каталымов
каталымова
кенеман
кирищиев
кирищиева
клейн
кокс
коксования
коксовых
кондрашева
конических
коническому
концентратов
красноярского
кузове
кузову
кунаков
лашков
логарифмические
локализуются
локтионова
любартович
методическое
метрологическая
насыпной
непредельного
непредельной
непредельные
непредельных
несжимаемого
несимметричной
новокузнецкий
обрушение
обрушении
обрушению
ограждающими
ограждающих
ограничивающего
определимая
определяющаяся
орл
орр
орро
ответствии
открывании
параболическому
перевозки
перераспределении
периодическом
периферийной
пластически
плицын
плоскодонного
плоскостью
подпорной
подпорную
полуэмпирический
предельно-напряженном
р--ж
р-с
радиальное
радиальному
радионуклидного
разработано
разрушающихся
распределительной
рассмотренным
растяжению
ревуженко
рекуррентные
рро
рю
рябов
рё
сводовой
сводообразования
связных
северск
соколовским
спирали
средне
среднестатистическая
статика
статически
стохастических
строительная
строй-издат
счетные
сыпучий
темат
тимолянов
тормозящие
тф
тфу
тху
у-ц
углеродсодержащего
углеродсодержащих
угольных
уд
узловых
уплотняющего
упрощениями
упрощенно
ухмылова
фи
фиалков
физико-технические
хгх
шабаршо-ва
школлер
шулев
шф
экстремальны
электрика
янсена
яцун
абрельян
автоэмиссии
аминулаевич
аминулович
антиферромаг-нитное
антиферромагнетиком
антиферромагнитно-го
антиферромагнитное
антиферромагнитном
антиферромагнитному
бв
беб
бесарион
боб
высокосимметричных
гексагональном
генадиевич
графена
графитизированных
гцк-железа
двухслойном
дергачёв
джалал
дык
епегду
заполненными
запрещенную
запрещённых
зигзаг
зо-переходных
иас
илясов
индуцированная
катион-замещенных
клине
кретинин
кубическую
куприянов
месхи
мирзаев
мирзоев
млз
моносульфидах
моносульфиды
музыков
нанолентах
наноматериалы
неприводимой
низкосимметричной
нитриде
полупроводниковым
р-состояний
реализованным
ридный
савченко
сй
спинтроники
сударшан
сфалерита
таллов
тангали
фидах
чениями
чиен
чохоевич
чыонг
ширин
эксперименту
электронно-энергетическая
электротехники
асим
атома-зонда
бария
валентная
валентностей
валентностям
гэп
двухатомными
двухэлектрон-ные
двухэлектронными
диагональными
допированные
дырка
еко
екоррк
еои
еоу
заполненным
зарядами
зарядовое
зарядовые
зарядовых
заселена
заселенные
зонда
зондов
идентична
изотопах
иркаев
иуу
ихх
к-под-решетки
кба
квадру-польный
квадрупольных
керамик
керамики
кристалличности
кристаллографическая
кристаллографическую
мессбау-эровская
мессбау-эровской
металлоксидах
метрии
мицен
неэквивалентные
нумеруют
оррк
орчк
осях
очевид
периментальными
поглотителем
подрешеткам
подрешетках
подсчитывались
проверена
противоречающими
псг
равнозаселенные
раметр
раметром
расщеплению
решеточные
решеточных
рзм
сайфулина
сверхпроводниковых
структурно-неэквивалентные
структурно-неэквивалентных
тензоров
тензоры
типичное
триплет
триплетов
уба
ува
увасио
угг
узлам
усс
уук
ухх
учли
уъъ
уьь
ххк
ченные
штернхеймера
экс
электронейтральности
эмиссионные
ява
явасио
ядрах
якр
ямр
бруса
букатый
вольтамперометрии
вычислены
гаськова
дробной
зондовые
ик-излучения
инверсионной
инерционном
ишанов
крепью
кривобоков
магнетронного
магнетронном
магнитосферно-ионосферных
магнитосферных
масс-спектры
межмодовых
многофононный
модуляционных
неперспективность
нефизично
низкоинтенсивного
пацевич
пзс-камеры
пикула
пичугин
поволжский
полупроводникового
полупространстве
потылицин
применяемая
радиофизических
распыления
романченко
сакович
самоорганизованного
светличный
скейлинговых
скручивающей
слепченко
стародубцев
тектонических
украинец
фракталов
фракталы
целевая
шарафутдинов
шероховатой
широкомасштабного
шляховой
эквивалентного
эритроцитов
янин
аеео
аку
акустооптическое
амплитудно-фазовыми
амплитудными
аппроксимацией
базисный
брэгговской
бф
внутримодовую
внутримодовых
вырожденная
высокоскоростных
годографа
голографически
грв
дее
демультиплексоры
дифракционном
дкг
дкдг
дёя
еддее
жидко-кристаллических
жк
иес
ин-та
интегральный
композит
кондом
кронекера
кушнарев
л-го
лер
межмодовую
меняющиеся
мма
монохроматический
мультиплексоры
ориентационными
ортогонально
п-то
параболической
параболическую
парциальная
переключатели
плавная
поляризованные
пргнр
пространственно-периодической
разбитии
расстройку
рекуррентного
рекуррентных
римана
сверхвысочастотной
селективных
сонин
ссп
ступенчатой
считывающая
ультразвуке
физико-математической
фотополимерной
фредерик-са
характеризуемого
юг-щ
барник
бассейны
вендт
ветикального
газонасыщенные
газонасыщенных
геленджика
гидроакустическими
гидролокационные
гического
затуханием
илистая
к-р
контактирующих
косарев
коэффициенте
лмлх
лысанов
мелководного
немонохроматической
новосиб
отложениях
пестициды
песчанно
песчанно-илистая
попадающие
пресных
приоритетных
сомножителей
сташкевич
теплообменом
трехин
хэмптона
частотно-зависимой
южитковского
ятах
аьц
буемой
вострикова
генетических
двухслойного
детерминиро
детерминированные
дилатометрическое
жда
изгибающего
имитационное
имитационной
имитационные
исп
йси
йст
кацивели
керамикой
космонавтике
линейны
листового
литого
мега
мелихова
микропровода
многопроцессорные
многослойной
многослойную
монавтике
нагреванию
нанопроводов
напряженно-деформированного
нейрокомпьютеры
нейросетевой
несимметричного
несимметричном
несогласованного
нечеткой
оконного
покрытиях
преобразовались
прогиба
прогибов
рассчитывалось
реаль
рубанов
сандвичевого
солоненко
соотвтетсвует
спае
спаи
спая
стеклоизделий
стеклометаллокомпозита
тензо
термомагнитной
услови
фактическая
феррита
ферритом
шютт
акустико-гравитационных
в-а
в-у
василевска
виц
геопотенциальная
джоанна-паулина
зональное
зональной
и-хи
ионосферные
их-в
к-в-с
коширота
ктах
ляризационные
меридиональном
меридиональную
наземная
нерезонансных
операторах
представимо
пространственно-временная
радиофизика
радиофизике
с--с
спбгу
станций
суперпо-зиционное
тестировать
упу-фп
утр
фурье-преобразование
хуп
частотн
четырехмерный
шагимуратов
агмг
битюков
г-к
ггсо
громоздких
двухпозиционной
ионосферой
ипу
к-г
к-кг
кгл-к
кгт
кгу
клк
кпи
кпу
куу
кхкгт
кхкуу
кхт
кху
кч
ляме
марковском
нагруженной
немоночастотности
неоднород
онч
отр
отраженным
падающим
поршневого
прецизионные
пъезопреобразователями
распознании
ргк
ротр
рьклкп
сосера
сочш
третъяков
трухан
фотр
хка
цкхх
ык
аверенкова
автоматических
автоматической
альперт
альпертял
аппаратами
армсср
ашратрв
аэродинамика
балаев
болотовский
брейтвейт
быстродвижуще-гося
верхними
возмущениях
возмущенной
волконская
ву-ой
вытеснения
вычисл
вычисляемой
газовую
газоразрядной
гарибян
гдеось
геомагнитного
гершман
гинзбург
горбатенко
гродзовский
декаметровых
дляэтихжеслучаев
жидкостных
жохов
задаваемую
запускаемыми
запусков
затопленное
затопленных
зеленова
зенкевича
изолинии
ионосферную
исз
истекающе
истекающей
к-ок
квазиконическое
квазинейтральной
киреев
кмассе
колотаев
космонавтики
кравцев
кучуркин
лабораторий
ларморовским
ларморовского
м-число
макашов
макропараметров
максвелловской
максвелловскому
мартынкевич
маха
менного
мон-те-карло
недо-расширенных
нейтралами
неравновесные
нерасчетное
нилсена
образующей
овк
ои
онк
осесимметричное
отсчитываемой
отсчитываемый
перемещающиеся
перемещающимся
перепадом
перов
петунин
плаз
плазменное
площдць
полураствора
полушкин
пробега-нейтральных
пробле
пробной
прозорова
равновесными
радиолиний
разреженном
распределенное
рассеиватели
реагирующих
реализациям
реализациях
рязания
с-констан
сверхзвуковые
свя-заннойсисточником
слабоионизованной
слабоионизованным
слежении
соболь
создаваемая
создаваемом
сопла
спинын
спутного
спутный
спутным
среднеширотной
столкновениями
табулируются
тепляков
термоионизация
торможение
турбулентностей
турбулизована
увязания
ударную
уплотнения
усугубляются
факеле
фаткуллин
фертрегг
хемша
хомутский
цаги
цо
чулев
швидковский
шефтельл
ши
щи
ял
янтарь
аттрактора
аттракторе
аттракторы
бликующих
вд
визуализации
вмежду
вода-воздух
дистанциях
донную
дшп
забортном
звуковую
зеркальное
зуковых
изотропную
имитаторе
имитаторов
имитационно-тренажерного
картографической
классификационные
косинуса
лепестка
математическими
модернизированную
нецелесообразно
ншп
обучаемым
ограниченную
ограничиваемый
отследить
перпендикуляром
плитуды
площадок
поверхностная
подводными
подкильным
подставляться
подходном
полусферу
полусферы
поясу
прилегающего
приповерхностным
промысловых
пэв-к
равномерной
размещением
ракурсом
рассеивание
рассеиващих
рассеивающая
рассеивающему
реверберационный
реверберационных
реверберацию
реконструированы
рины
рыбопоисковых
сегмент
сегмента
секущими
скалистой
собвд
сственным
стаек
стц
сформировавшиеся
таганрогском
такенса
тренажера
тренажеров
трубопровода
тюлин
удоб
ультразвуко
уменьшенная
упрощенный
урикроберт
центральному
ча
шарового
шаровому
шендеров
штилевой
шумовыми
эхо-сигнал
эхо-сигналы
эхолота-видеоплоттера
эхолоте-видеоплоттере
абразулов
анчоусы
аппроксимирующие
аппроксимирующую
ассортиментом
безразмерную
биопродуктивности
буферных
варпэ
видеотипических
видовой
висягин
внешнеэкономической
вой-никанис-мирский
войниканис-мирский
вставлялись
встраивания
гейсиые
гибких
гидродинамическими
гидроканале
делей
допустимыми
евченко
зашедшая
йя
канатно-сетную
конструктивному
конструктивный
конструктивными
конструкторами
кройки
кудакаев
кутка
макета
малоразмерные
мезо-пелагических
мезопелагические
мезопелагических
мейлер
мелкоячейной
мелкоячейную
мешку
моделируемых
мысков
н-и
накоплен
насадки
натурными
недозагрузка
недоступ
облавливаемых
обосновании
объячеиваться
объячеивающий
оформлению
параболическая
пересчет
периметр
плавательными
пластей
подбирались
подпор
посадочный
проектировщиков
промрыболовства
промыслового
прямолинейное
равномерное
разноглубинного
рекомендациях
рентабельность
рыбохозяйственных
сетеполотен
сетная
сетного
сетное
сетную
сетные
сечениям
силовом
сплошность
судового
схематизированные
тралах
траловом
траловый
угх
удерживающую
уловис-тость
фильтрацию
хусаинова
циклами
цитками
шлейфообразователей
шлейфообразующими
шлейфообразующих
щитками
щитков
щитков-шлейфообразователей
эквивалентное
экспонентного
экспоненциальная
эмпирических
эпюра
эукция
ячеи
ячей
ячею
акулов
аминев
г-составляющей
головко
гольдштейн
диагностировании
загидулин
защемления
защемленном
зеленков
изгиб-ной
изгибной
изменяющиеся
изогнутой
икц
козинцев
контролируемого
коррелируют
косвенная
котельников
коэрцитивная
коэрцитивной
коэрцитиметрами
кузьминов
куров
магнитах
магнитоупругой
мнпо
мтл
мушников
намагниченная
намагниченной
намагничивающее
намагничивающих
напряженно-деформированном
нгг
неразрушающем
неразрушающим
нииин
нио
нсо
описываемому
осгортехнадзором
остаточно
парной
побежалости
подъемных
размагничивающий
ройтман
самуль
сварочных
согласовано
соизмеримых
соснин
стальное
у-а
усачева
феррозондовыми
ферромагнитного
фрунзе
х-ь
челюбеев
шукевич
ъь
адгезионного
адгезионное
адсорбционного
акушская
атомный
атомом
гальванических
деев
дерман
долголвечность
затраченную
идобычин
износе
икомбалов
ипред
йт
йэсновыярасчетовянаягрениеяия
контактирования
крагелъский
ление
литовка
лууфуш
лязгин
макроскопическими
менно
микронеровностей
микронеровности
микронеровностями
микроскопическом
неровностью
нтах
обменивающуюся
определима
папшева
пластичном
приработки
протекающими
разъединения
рубинович
савинкин
сливко-колъчик
сминание
соударение
термодинамическую
трибосистем
трущихся
физико-механическими
физико-технологические
фракционного
фрикционного
фрикционном
шероховатых
шестериков
шется
шугуров
яницкий
яф
ёмхгмашиностроениегй
бижидкостей
биосредах
волновая
гидродинамическом
гидрофизические
диссипативный
дсх
е-а
заболотской-кузнецова
затененная
инновационные
координатным
лапласиан
лур
миниович
ординат
пекр
перепишется
перник
пунктир
пунктиром
разностная
рао
раскрывом
скрынников
создаваемое
хохлова-заболотской-кузнецова
эвристический
а-ву
аее
бортовые
варьируемой
влв
всд
вфп
вь
генерационно-рекомбинационных
гхм
демодуляции
ееь
еьф
и-атт
иаутиа
индукций
иь
квазиимпульса
лвс
легирования
микроволновой
микроволновую
оовйх
ооп
оптоэлектронного
орупь
отыскивается
ояох
переменному
регенерации
рекомбинационных
рце
свч-модуляции
свч-полей
синхронного
скпа-дывается
сткек
тжт
удовлетворть
усмг
фазированных
фар
физико-топологической
фотопроводимости
ца
цымбалов
ътох
ёр
анизотропной
безызлучательной
величиныы
гиттл
дейрменджан
димеров
добавляемые
ил-р
индикатрисами
индикатрисах
индикатрисе
индикатрисой
индикатрису
иро
компенсируют
концентрационного
концентрационное
корректные
ларионов
лро
люми
люминесцируют
монохроматическим
нелюминесци-рующих
нелюминесцирующих
непоглощающих
несценции
обсуждаемых
ограни
осесимметричную
относительному
п-в
поглощаемой
поглощающихся
подсистемой
показателях
полидисперсными
предко
про-тивонаправленности
размерном
раметров
светоотдачи
склярова
слоистой
сонаправленными
сопровождающий
средыы
тхо
тц
убылью
фиксированными
адсорбированной
активационный
бабичева
бурсиан
вариационного
вейсса
внедренного
водородными
връ
выявили
гаар
геометрией
гинзбурга
глицина
градиентом
дальнодействующих
деполяризующее
деполяризующие
диполь-дипольного
диэлектрическую
длинноволновые
зависи
зажатием
зеркальная
зернах
знаменателе
изотропной
иодат
иодате
ионно-миграционной
калиброваны
калориметрические
керамике
кислоте
коорцитивного
кохрэна
кулоновских
леванюк
меределина
микрометровом
милинский
минимальности
минимизируя
моноклинную
мости
нанокомпозитов
нанокристаллическая
нанокристаллов
нанометровом
нанопористого
нанопористые
неоднородную
низкочастотного
нитрита
о-н
ограничением
окисной
окисные
опалов
полидоменного
поликристаллов
полярной
поправко
пористая
пористую
прессованный
размазанной
размазать
размытие
рогазинская
сег-нетовой
сег-нетоэлектрические
сегне-тоэлектриках
сегнето-электрика
сегнетовой
сегнетоэлектрик
сегнетоэлектриках
сегнетоэлектриков
сегнетоэлектриче-ских
сегнетоэлектрическими
сидоркин
силикатная
силикатных
скалярной
соросовский
струков
стукова
т-то
тгс
температурно
тетраэдров
трансляционной
триглицинсульфат
тучина
уы
фильтровальная
фильтровальной
хромель-алюмелевой
целлюлоза
центросимметричному
циклические
щавелевой
щт
экстрополяционной
ад-сорбо
адиабатическим
адиабатическими
адиабатическом
адиабатическому
адс
адсор-бо
адсорбата
адсорбированного
адсорбированным
адсорбированными
адсорбированных
адсорбируются
адсорбционные
адсорбционных
адсорбцию
аккомодация
активны
акцептор
акцепторными
акцептором
алешин
амбарцумян
ан-гармонизма
ангар-монизма
ангармо-низмом
ангармонизм
ангармонизма
ангармонизмом
ангармоничной
атомарном
бабаев
бажин
бательного
бе-зызлучательный
безизлучательных
безызлучательно
безызлучательному
безызлучательные
бикбаев
блокировке
бомбардирующих
бтп
вентильной
взаимодействующее
внутримолекулярного
внутрицентрового
внутрицентровое
внутрицентровому
водороде
возбужденном
всесоюзного
выделяющаяся
выключают
вырожденной
высоковозбужден
высокоэнергетическая
высокоэнергетических
высокоэнергетического
высокоэффективная
газ-поверхность
газофазный
герц-берговские
гетерогенная
гомоядерной
гранкин
гув
гуг
гур
гхл
двухатомной
десорбироваться
десорбции
ди-польный
диполь-дипольном
диполь-дипольный
диполь-квадрупольного
диполь-квадрупольном
диполь-квадрупольный
дипольный
длп
долгоживущих
долевого
донор
донором
дырке
е-е
е-иона
еаб
единственна
екеотхопхои
ехф
заброс
заполнений
зарядовом
заселенными
заход
заходе
зей
зона-зона
и-типа
из-лучательная
из-лучательный
излучательные
изотопическом
ик-лазером
ик-область
ионам
ионизационном
ионизационному
ионизационным
ионность
ионолюминесценция
итп
кабанский
кадмия
катализ
катализируется
квадруполя
квазиклассическом
квазиклассично
квазимоле-кулярное
квазимолекулу
кге
кег
кильватерного
кислороде
коле-бательно-фононной
колебательно-возбужденного
колебательно-возбужденной
колебательно-возбужденный
колебательно-возбужденных
колебательно-коле
колебательно-колебательного
колебательно-колебательной
колебательно-электронного
колебательно-электронное
колебательно-электронной
колебательновозбужденного
колебательновозбужденных
колебательному
колебательноэлектронного
конкурирует
конкурируют
конкурирующие
корредо
коррелирующих
кривошеев
кристаллофосфо-ров
кристаллофосфора
лазаренко
ландау-зинеровского
ломакин
лто
люминесцентному
маловероятны
марганцевых
мдд
межъядерным
межъядерных
межьядерное
металлизацией
многоквантового
многоквантовом
многоквантовому
многофононной
множителем
молекулой
молекулярные
морзе
мри-и
мультиплетности
н-н
насыщением
не-кондоновость
неадиабатически
неадиабатические
неадиабатическим
неадиабатических
неадиабатического
неадиабатической
неадиабатическом
недостижимой
нейтрализацией
нейтронные
некондоновости
некондоновском
немонотонную
неполяризованной
неполярных
неравновесно
неравновесно-возбужденной
неравновесными
несвязанное
несвязанные
низкоэнергетической
нумеровать
обертонной
одноквантовой
одноквантовыми
одноконфигурационного
однократном
отх
оцуки
пересе
пересекающимися
пламенах
подсистемам
полносимметричное
полносимметричные
получающегося
предельную
приповерхностный
процентного
пурецкий
радикалом
радикалорекомбинационная
разменом
расщеплением
реагентам
реагентов
рекомбинационной
рекомбинация
рл-з
ррл
ррлн
с-зона
с-н
с-о
сао
сао-в
сао-мп
сверхэкспоненциален
сильно-поляризованные
син-хротронные
слабосвязанное
слабосвязанные
случа
смещаются
спин-орбитального
способствующую
сродством
стационарно
стимулированным
стимуляция
стыров
сульфида
сё
теея
терм
терма
термами
термически
термом
термы
тесо
тея
толмачев
трехквантовые
тютюнников
у-зона
узкозонном
узкозонных
упп
успевшей
факторе
фиолетовая
фоно-ны
фононные
фосфоров
функциюу
хеми-люминесценция
хемилюминесценции
хемилюминесценция
хемовозбуждение
хемовозбуждении
хемовозбуждения
хемомагнитоэлектрическом
хемопроводимости
хемоэдс
хемоэлектронного
хемоэлектронных
хемоэмиссии
хемоэффекты
ххт
цуу
чве
четности
четность
щелочно-земельных
щц
ье-состоя-ний
ьтп
ьурк
экзотермических
экспериментальному
электронно-возбужденного
электронно-возбужденное
электронно-возбужденные
электронно-возбужденным
электронно-возбужденных
электронно-дырочной
электронновозбужденных
энергетиче
ювенильной
юш
ягаах
ярь
алгоритмами
анестезированного
анестезированным
анестезированных
беринговом
беспузырного
биомассы
биоресурсных
броски
ванного
вероятней-шее
видового
воздушную
возрастного
выводился
выща
выясненном
гидробион-тов
гидробионта
гидробионтах
гидробионту
гидробионты
гихман
двумерное
децибел
децибелах
джиггерной
джиггеры
доверительную
дорсальная
дорсального
дорсальной
дорсальном
дорсальный
ермольче-вым
ермольчев
замеров
замет
замороженный
записываем
изрезаны
кабелем
кальмар
кальмарах
кальмароловного
кальмаром
канн
карася
квадратической
квадратом
кендалл
клюкин
корейскими
косяк
косяки
крепились
летне-осенний
лисиенко
лососей
мантий
медузы
ментах
методиках
мониторах
морфологической
морфология
мю
навигационное
невод
недооценку
немонотонное
нерепрезентативным
нормализовалась
нормировкой
ноутбуки
облавливать
облавливаться
облавливают
обловов
озвучивание
озвучивания
океанол
онтогенез
ориентиро
ориентированная
ориентировочно
особей
отражательной
отражательные
отслеживались
оттягивающих
пелагическим
перемежаемость
переоценку
плавательного
плавательным
плаваю
поводцах
поводцы
погреш
подвешенного
подвешивался
подвешивании
позиционирования
поимки
пойманных
пологий
помещенного
портативные
постпроцессинговой
представительных
привязывания
приемопередатчики
разбросов
размерным
рассчитаем
расщепленным
регрессионного
регрессионное
регрессионные
регрессию
резиновой
резиновые
резиновых
репрезентативного
репрезентативной
рыбо-хозяйственных
рыболовстве
рыбопоисковый
садка
садках
самоволькин
самоволькина
самоволькину
свеже-пойманных
свежепойманные
свежепойманный
селективностью
селектирующего
сигма
скоплениях
скороход
слуховыми
снулых
соавторами
соленость
сопровождение
спинном
среднеарифметическое
среднеквадратичную
стандартгиз
стьюарт
стьюдента
судостроении
суточные
съемках
тинро-центр
тинро-центра
тихоокеанских
уловам
утроенную
хв
хвостах
шумового
эллипсоидальной
энцикл
эхоинтеграционно-траловых
эхоинтеграционным
эхолокации
эхолот
эхолота
эхолотах
эхолотирующей
ядренко
японскими
японское
алабин
амальгама
амальгамный
аппаратурное
бартона
басманов
белопухов
бочкарев
вакуумной
во-вто-рых
вынимали
выполнялся
гексагидрат
гексафто-ридасеры
гексафторида
гидратации
горшунов
гуденко
гузеева
дифторида-оксида
диффузного
до-норно-акцепторное
дообогащение
естественно-воздушным
жевнеров
забавин
запаивали
зонная
изотопический
изотопном
изотопнообогащенного
изотопный
изотопных
изоэлектронной
интенсифицирующих
ион-ионных
ион-молекулярных
ионная
ионообменный
казарян
катион
катиона
квалификации
координироваться
кравченко
краун-эфирами
кристаллогидрат
кристаллогидрате
левкин
магниты
магнию
масс-спектра
масс-спектро-метре
масс-спектров
мдс
монокристаллическом
мх
нагревали
нагреватели
нагревательных
незаряженной
никель-водородные
нихромовая
нтр
обрезали
осколочного
осколочных
отбирались
пархомов
перегонка
перекристаллизацией
перекристаллизация
перелыгин
перемешиванием
перераспределения
плавится
плавка
плавки
плавкой
плаз-мохимических
плазмохимии
плазмохимической
платиновыми
плес
после-разрядной
прима
пугачев
пушкарёв
пфанн
разде
расплавление
расплавления
расплавленной
растворителе
растворитель
растворителя
рафкатович
реакторы
ремнёв
рылов
своеоб
сданными
серосодержащих
слихтера
сольватации
сольватационные
сольватация
солях
сотрудникам
тимербулатов
тимур
тпуза
трусов
физико-хими-ческих
физико-химическими
фторидных
херингтон
хлорида
цивадзе
цнииатоминформ
электродонором
электромагнитные
электроперенос
электропереноса
элементный
амальгамно
амальгамы
амплитудно-моделированной
борисёнок
видяев
выровой
вытянутого
гармоническая
геометрически
герега
гетероструктур
гетероструктурах
гидростатический
гнатюк
гост
грабко
гринюк
двухи
древесины
дроблении
изоморфных
кабачный
кепстральной
кинетостатике
коммерче
кондратюк
лабораторном
ленточная
ленточных
майзель
метеорными
молекулярно-лучевой
мулюкин
нархинов
насыпного
неконтактного
несамостоятельным
нефтегазовой
нефти
отборах
отборе
пилах
плоскопараллельными
полым
постан
пошаговым
протасевич
профилировании
пылевыделения
пылящего
распиловке
расщепитель
резервуарных
релаксаторов
смещениях
сфероида
тангенса
темнового
тлеющим
трехуровневого
трибоактивации
триселенида
тягового
чикановский
шилько
шишковский
шкив
штабеля
экватора
электронно-лучевой
яременко
алгоритмическая
амальгам
амальгаме
анализируемого
анализируемой
анализируемом
арминовна
аттестованного
вольтамперо-граммы
вольтамперограмм
вольтампероме-трии
вольтамперометрический
вольтамперометрических
вольтамперометрического
восстановления-окисления
гб
гиндуллина
градуиро-вочного
дрейфом
дубова
емкостный
заичко
индикаторного
иосифовна
йода
карачаков
квазиобратимого
климачев
концентрат
кристал
максимовна
микропроб
микроэлементов
минимизироваться
многокомпонентной
носкова
ограничивающих
оценивание
пичугина
получаемый
постоянно-токовом
пошаговом
прецизионности
примене
приэлектродном
пробе
распространенного
режимами
ртутно-графито-вых
ртутно-графитовых
ртутной
ртутном
свинцова
станиславовна
ступенчатом
табличных
троскопии
фарадеевский
фарадеевской
федущак
филичкина
фоновых
хлусов
хроматографии
черемпей
электроокислении
электроокисления
электрорастворения
электрохимический
электрохимическом
эльза
абакумов
агур
аехр
алю
алюминиевом
аррениусовских
ахатович
басаев
безызлучательная
биполярной
булярский
взрывная
возбужденному
встроенное
встроенных
выращенной
выращивался
гадияк
гигантским
голтвянский
двуокись
двухзонного
двухзонной
деградационные
деполяризации
дпа
дрейфовая
дырками
дырочная
дырочными
дэвис
ергалиев
ери
жор
жорь
жр
жри
жрй
жт
жф
заниженный
зультате
изготавливались
измерялись
ин-жекцию
инжекци-онного
инжекцией
инжекции
инжекционного
инжекционный
инжекцию
интеграционным
квазикласси-ческом
квантово-размерные
конок
корейского
кремниевых
кремнии
кукетаев
кулоновский
кулоновской
кяшшафович
ланну
локализовать
макрам
мдп
меерсон
микросхемах
миниевые
многофо-нонной
многофононного
многофононном
многофононным
мноп
мноп-структур
мноп-структурах
мноп-структуры
модифицированная
нанокластеры
наноэлектронике
нве
некристаллических
нефедов
низкочастотная
нитрид
нитрида
нордгейма
о-см
обрехт
обходимо
огип
огир
оип
оир
окисел
оптическому
осциллятор
паап
перель
пжи
пжрк
полярностям
полярностях
пониженного
потенциалах
прикладываемого
пулл
равиль
рама-новским
рида
синица
смещенного
стеканию
твердохлебов
терабитных
травков
треугольный
тулегулов
туннельная
туннельно-прозрачный
туннельнотонком
туннельную
тухфатуллин
уров
учитывающего
фаулера
ферроэлектриках
фонона
чохральского
шокли
ых
эбеи
энергонезависимых
юн
ясиевич
яфаров
безнапорного
безнапорном
гидрофон
гидрофоном
душенин
лабораторного
латунная
латунной
латунную
лоцирования
напорная
неконсолидированных
неравномерного
нто
оперативный
опробована
паления
поршневой
пьезометрическая
пьезометрический
р-р
рыбачек
слоисто-дискретное
широкополосность
эга
юстировки
аксиальными
апертурой
аппаратная
арбаш
булашевич
величанского
винтер
волноводного
волноводные
волноводный
волноводом
волоконных
выжигания
вырожденными
вытеканием
гвердцители
гетероструктурой
гетероструктуры
демидов
демпфирования
дробовым
ж-модовый
задействованной
заполняющего
зарощенной
индексах
инжектированных
инжекционные
инс
исследованными
камия
конюхов
коррелированно
корреляционные
кш
ланжевенскими
ланжевенских
лд
леонович
малосигнального
медянцев
меж-модовая
межмодовый
металлизация
микронеоднородностей
микронеоднородностях
многопараметрические
многослойных
многоэтапный
модифицированные
модовая
модово-го
модовой
модовыми
модовых
модуляционными
неидеальной
нейронной
нейронных
нейросетевого
нерегулярностями
нефтехимическом
нулевым
объекту
одномодового
одномодовом
олр
оптимальный
оптоэлектронные
оцу
паразитных
перспективная
петермана
планарном
подстановкой
полоскового
полосковых
поляри
ппл
предобработка
преобразованием
приращениями
пропорциональным
резонатор
резонаторной
резонатором
рекомбинационным
рефрактивным
ржанов
розеншер
ря
саггитальный
самовозбуждения
световоды
синтезированной
скоростными
скоростных
специфичных
статистическими
стационарности
стохастические
структурно-параметрической
такума
тгц
тду
тер-мартиросян
термические
тестирование
техносфера
торцов
трк
тсанга
турного
у-ой
укрупненный
ую
фабри-перо
формализована
фотонно-кристаллического
фотоны
фщ
хохлев
шумовые
эрбия
эргодичности
этилена
ямамото
яп
бимолекулярных
бозе-эйнштейновского
бозонная
бозонную
бозонные
бозонных
бозонов
бозоны
бэк-квантовый
вариабельность
вариабельные
вариабельными
вариациями
вовлечения
водородных
гальцов
ггр
гексагональная
гексагональную
геометрическому
гринштейн
гсг
декогеренцию
диффузными
дого
долгопрудный
жидкая
зайонц
зв
изотопному
классифицируются
кластерами
комплексооб
константинов
контракцией
контракция
конформационные
координационными
координация
левич
лейтон
лут
масс-спектр
масс-спектрами
масс-спектрах
междоузлия
междоузлиях
метильными
метильных
минимумам
мионов
модельная
модифицировании
молекулам
молекулярную
мямлин
н-системы
ненасыщенному
нехате
нечетно-нечетной
нечетное
нечетность
нечетными
низкотемпературное
низкоэнергетических
обратимых
одноатомной
пентагональ-ная
пентагональная
пиках
понижению
прилегают
противолежащего
противолежащий
протона
протонная
протонные
протонных
протяженного
прохватилов
разования
разряженных
рактеристики
резонансно
резонансы
саган
сзв
сравниваемыми
сэндс
тгр
темпера
треугольнике
турам
ультрахолодных
фейнман
фейнмановские
фер
фермионов
фононами
фракцией
центрированной
четно-нечетный
четно-четной
четно-четные
четно-четный
четное
четными
шестиатомного
шё
ъпт-к
эквивалентными
электроотрицательностей
этан
бохан
бромида
вносимой
вольтамперные
вытягиванию
вычисленного
гайфр
гамма-квантов
гамма-контроля
гамме-контроле
гвоздев
герасимов
данилин
демкин
диодах
духопельников
е-ф
еуа
жс
за-магниченных
забродский
замагниченности
зонд-анод
зондовый
зондом
измеренного
индукцией
интроскопии
ион-электронных
ионизационной
ионно-электронного
катодное
катодном
катодным
катоду
кд
кдк
кдкк
кдё
координатная
корректный
критичны
кс-ес
курзанов
ленгмюровского
лохте-хольтгреве-на
магне-тронных
магнетрон-ного
магнетрона
магнетроне
магнетронной
магнетронные
магнетронным
магнетронных
магнетронов
маловероятен
марахтанов
моноэнергетического
н-ачаль-ная
наноструктурированных
ненадёжна
нихромовой
отрезками
отрицателен
петраш
плавном
плазмыы
плг
покинувшему
пониженным
преобладающем
прианодной
прикатодной
прикатодную
примыкающую
промежутку
прорисованные
просчитывались
радионуклид
разбивалась
разобщённый
разреженных
разрядному
распылению
распылительной
распылительные
распылительных
распыляющие
распыляющих
рентгенофлуоресцентного
свадковский
свинцового
сивг-лазере
сидуленко
скомпенсирован
создающий
сырчин
титановой
тлеющему
токо-перенос
торцевого
трансмиссионного
трансмиссионном
углероде
удп
уменьшив
умножалось
ускоряясь
учитывался
фгну
фдг
феноменологическую
холловский
холловских
холловского
циклоида
циклоидам
циклоиде
циклоиды
шиянов
щд
щдп
эмиссией
эмитируемые
эмитирующего
энерговкладом
эрозии
антропогенным
антропогенных
б-области
возросшими
выпзыпвает
высокоширотной
гелио-геофизических
голиков
гололобов
долготных
задаваемого
залесская
зенкин
зинин
зубков
зубова
ионизированных
ионному
ионосферномагнитосферные
ионосферными
магнито-сферно-ионосферные
магнитосфера
магнитосферные
магнитосферой
мациевский
меридиональными
об-ласти
опорожнением
полушариями
послезаходные
сезоны
суббурь
суточная
ультрафиолетовое
управляющими
уэдделла
фср
чие
штрих-пунктирной
азотной
ампулу
ампулы
асиммет
афмр
барн
безносительный
безносительных
бондаревский
бш
взсе
г-ось
гадолиния
гетеровалентного
гхси
двухатомные
диэлектриками
допантов
допирования
допированных
допплеровский
доронин
дси
екорчк
замещающих
зондах
и--центр
изотопами
изотопом
ква
квадрупольно-го
квадрупольное
квадрупольные
кварцевую
кислородному
компенсирующего
конфигурациями
короткоживущими
корреляциями
краббес
кристаллографические
лантана
летучести
лютгемейер
маделунга
металлу
мёссбауэровской
облученная
облученной
обсуждавшаяся
одноэлектронные
октаэдру
оё
перегнанного
перегоняется
перестроением
поглотитель
подре-шетке
появляющегося
препятствующими
проксимирован
радиоактивными
радионуклидов
распределен
реакциям
редкоземельного
резонансу
сверхпроводящее
сверхтонкие
сео
сиз
скольку
смывали
совпадающими
сорбированными
стт
тензором
триплеты
трубчатой
уаа
убыстряет
увагси
уукт
хбгхси
хмхси
хсех
хсехси
ххкт
ыё
эвакуированную
электроотрицательностью
электростатической
эмиссионный
ядерному
ядра-зонда
якубовский
ёва
алейник
аморфизации
андреяшкин
арасов
ахи-езер
балдин
белгу
блюдался
бнуков
бузов
ванит
вертикальному
включенными
влете
влёте
высокоэнергетичных
гамма-дифракционные
генерирующие
гониометра
гониометре
горелик
градуса
графических
двь
детектируемого
детекторами
детектором
дозиметр
дотаг
дш
ермак
жанг
жэ
жёстких
жёсткого
забаев
зарегистрированное
зыонг
излу
иностр
информативные
ионизационная
ионизационных
использованном
испущенное
каналированного
касьян
квазипреломление
квазипреломления
квантометр
кинематическим
кирьяков
коллимации
компоненте
комптоновских
конденсированном
кохнюк
кристалл-дифракционного
кристалл-дифракционный
кристалл-дифракционных
кристаллические
кристалло
кубанкин
кумахов
курбаков
лияф
меров
микроблок
микроблока
микроблоков
микроструктуре
мишенями
мишенях
мозаичного
мозаичном
мозаичности
мозаичностью
мозаичные
мозаичным
моноблок
моноблока
моноблоков
монокристалли-ческих
монокристаллом
надбарьерного
надбарьерное
насонов
нечаенко
низконер-гетичной
низкоэнергетичной
обусловившее
объёмном
объёмным
ориентационная
ориентационные
ориентационных
отстоящего
падалко
переот-ражения
пиролитического
плавному
плешков
плоскостного
плоскостной
поворотный
поворотным
поликристаллическим
поликристаллической
полнительного
поты-лицын
потыли-цын
предполагалась
провалов
продемонстрированной
прутковой
прямо-вперед
работоспособен
работоспособна
радиаторах
разори-ентации
разориентацию
расторгуев
расчётным
расчётных
расчётом
рег
регистрируемое
реканалировании
рентгенографический
рентгеноструктурном
решаемой
решётке
ровать
рунов
синхротроне
синхротронные
скаков
соавторам
создающим
соответство
сориенти
спектрометров
счётном
твердотельными
тоаг
толщин
толщинам
томском
тонкостенная
тонкостенной
тхи
увеличатся
ускорителями
ускорителях
уширением
уширению
фоновую
хакбердыев
хэмча-ков
шато-хин
ширинв
шульга
экстинкции
электронно-оптический
яфи
аббе
ансамбле
бецкий
биологической
биомедицинская
биотканей
биоткани
биотканях
биохимические
варьировало
венозной
взвесь
вкраплены
вольтметр
вышением
гелий-неоновым
гемато-крите
гематокрит
гематокритом
голант
горяева
градуировочного
девятков
диафрагм
дозиметрии
индикатрис
исимару
использующихся
клиническим
клинической
козловская
королевич
кювета
кювету
кюветы
лабораторным
лаздин
лаздина
лазеротерапии
лечебного
ляющая
микролитре
милливольтметр
милливольтметру
михеев
мкл
монослоя
мутных
нагревая
неоновый
неразбавленной
низкоинтенсивная
низкоинтенсивное
низкоинтенсивной
нсвязан
опухолях
осветителей
осевому
отработанные
перегрев
перемещая
платино-платинородиевой
плотноупа-кованной
плотноупакованным
поглощаясь
подключенной
приезжев
разбавления
разбавленная
разбавленной
разведений
рассчиты
рефрактометра
решенных
рогаткин
сконструированных
случайнонеоднородных
сосчитанных
субстраты
терапии
термопарных
тканях
тучин
упакованными
упаковкой
упаковок
федосеев
физиологический
физиотерапевтических
физиотерапии
физиотерапия
фокусируется
форменных
фотохимические
хайруллина
шубочкин
электрохимические
эндотермических
энерговложения
эритроцита
эритроцитной
эритроциты
яв
айталиев
алевролита
амортизирующего
апериодические
апк
апкп
бетонной
вращательном
выбиралась
выявленного
гаёф
генетического
гжсс
гирнис
декартовую
декартовых
дорелеевской
дпдв
дчг
дыо
дыог
епсс
заглубленного
заложения
и-го
изотропном
инже-нера-проектировщика
инженерного
исключать
иул
ихл
казсср
кайдаров
кгс
макдональда
напряжённо-деформированного
ндс
новацкий
обделкой
обделку
огв
огп
оптимальным
отделяющего
очистных
ощ
перепишутся
планирования
подкреплена
подкреплённого
пожуев
постоянноё
прогибы
проектировать
проектно-конструкторских
пы
разложе
распределённых
релеевской
рпв
рпг
рщ
скручивающая
срединной
стуу
тонкостенную
тоннеле
тоннелей
тоннеля
трансформант
трубопроводе
уложенных
управленческих
усложняющаяся
фтк
фурье-бесселя
чг
чх
шухова
ыо
ыоп
ыц
ьл
япв
япг
ёк
амплитудно-частотной
венно
воздейст
геометри
гидрофона
гпррс
дистанций
дюралюминиевой
зеркальный
излучаемая
интенсив
ластей
локационных
лорт
лоцировании
махов
моностатическом
облучаемого
озвучиваемый
океанологических
пенопластовой
прожекторные
раскрыва
сомножители
спецификой
усилительного
фазовое
частотнонезависимая
широконаправленной
эхосигнала
эхосигналом
адм
акрис
алифанов
биосферы
бистатической
брента-вяйсяля
буксировки
буксируемой
векторный
возмущениями
втягивание
высокочастотным
выталкивание
вытянутую
гидрологии
глубоководном
гпп
градиентной
граммофонную
гуторова
дальрыбвтуз
двумерно
детерминированный
дисперсионная
дхду
епт
завихрений
завихренности
засветку
излученного
индексам
индикатор
инерционно-гравитационных
инициирует
к-д
калибровочные
квазигоризонтальных
квазидвумерная
квазидвумерного
квазидвумерной
квазидвумерные
квазидвумерный
квазидвумерным
квазидвумерных
квазилинейная
квазилинейного
квазилинейное
колечек
кольцевые
круговые
круговых
крупномасштабная
крупномасштабных
ктя
кщ
макрисом
маломощными
медленных
мезо
мелкомасштабная
мелкомасштабных
миро-ненко
мироненко
монополь
моностатики
набегах
невельского
неволновой
некогерентной
нелинейным
неприемлем
низкочастотным
нш
опорном
особи
осреднением
осреднению
осуществляющих
пассивно-активной
переизлученные
подсветка
подтверждающее
показывающая
популяциями
препр
прогалин
прогалинами
проекцию
просветного
просветном
просветными
просветных
пространственно-частотной
распространяющимися
расслоены
селекцию
создающей
состоящими
спирального
сталкивания
стародубцевым
судно-буксировщик
тахтеев
томографии
томографической
томографическому
томография
тороидальных
транспортное
турбулизованную
турбулизованный
урав
физико-математическая
физико-математическую
флюк-туаций
флюктуациям
фрактала
фрактальная
фрактальной
фрактальные
фрактальными
фрактальных
шш
эк
эквивалентному
эрмитово
эхолотом
а-т
бадиков
балкой
барановский
бидерман
брусом
ввв
виброзащита
виброметр
вибропреобразователя
вибростенда
вибростол
винтовых
витка
вй
габаритные
гиперболо-тригонометрических
двухузловая
ддддтдр
диапазоном
еап
еометрия
закреплялась
защемленная
защемленной
изгибе
исправляющие
исправляющих
криволинейного
лентного
ломтева
мнтк
нгавт
ненагруженного
ненормированной
новосибирская
новосибирской
опорах
подвеске
пружинами
рассеиванию
сину
соидальные
стойкам
стойками
стробоскоп
сухотерин
тмм
уравновешивание
цилиндрическая
шарнирно
шумоизоляцией
эквива
энергосбережение
апертуру
армянской
бн
булаев
видеокамера
видеокамерой
видеокамеру
видеокамеры
владилен
гауссиана
гос-матрицы
двумодальную
детекторах
диагностическая
захватывала
излуче
ишханов
кадра
кадрам
калибровка
короткофокусных
ло-ренц-фактор
люксах
люминофоре
макроимпульс
макроимпульса
макроимпульсе
микроимпульса
микроимпульсе
микроимпульсов
микротрона
мм-рад
москалев
населенности
настроенную
ориентационной
осьх
охранных
оцифровка
переизлучается
перенастройку
пзс-матрице
пиксел
пикселей
пикселя
пикселям
полиектов
полярный
регулируемого
саркисович
светосила
сенсоре
слабоинтенсивных
спектрально-угловое
сср
сфокусирована
сфокусировать
сфотографирована
съёма
телевизионного
тер-микаелян
ускоренным
ускорительной
фотометрическим
фотоприёмников
хаотичном
черно-белая
чип
шведунов
эв-мкм
экспозиции
эммитанс
я-я
айзикович
алиевна
атомарно
базовая
биике
бильная
бис
бто
галогенных
генри
гроува
гроувом
гроуву
демаков
дила
дила-гроува
дилом
дилу
диокевда
диссоциации
диссоциацию
диссоциация
дрейфуя
ик-галогенные
ик-изл
инжектированный
кильчицкая
концен
кремниевая
кремнием
кулярного
ламповом
лимитирующей
лимитирующим
лированной
межфазной
метаста
микроэлектронике
милоглядова
мфг
мэт
нахож
обшей
окисле
окислении
окислигеля
окислительной
окислом
окисляемого
освещался
осложнена
перестраиваемой
ползатворный
пох
предсказывается
реак
румак
сложностей
смит
сьс
твердотельпой
тер-мо
термическом
термостимулированных
трация
удовлетворяющий
уело
ультратон
усложнена
фото-эдс
фотостиму
фотостимулированной
фотостимулированном
хатъко
ций
шангереева
шлиховой
электролюминесценция
авионики
адаптивные
адаптивных
актуальную
ало
американскими
антеннам
апертур
апова
аттракторов
аэродинамического
аэрокосмических
б-сред
бенуа
вашингтон
введенные
велихова
высокопроизводительных
вычайно
вязкоупругие
геоинформационные
гильмутдинов
гуанджоу
гуляев
гуляева
гшпедансов
гшпедансы
дароши
джинанского
диапазоны
дисциплинами
дифференциалов
докладам
дробная
дробного
дробному
дробную
дробным
дробными
екта
зб
идеальны
изоморфные
импедансы
инвариантную
индивидуаль
инновацион
интеграцию
интегродифференцирования
интеллектуальная
ирэ
искривленном
канторова
канторовым
кации
кейли
кодирования
комбинирования
комбинированных
коммутацией
компактную
компактные
компактный
конструирование
контрастных
корп
корр
корреляторов
котельникова
кренкеля
кретно-нелинейных
летникова
локационные
лопиталю
лосных
магнонных
малоконтрастных
мандельброт
мандельброта
мандельбротом
манипулирования
марковские
мерностного
метаматериалов
методикам
микрорельефа
микросхеме
микросхемы
мин-во
минифрактальные
многодиапазонных
многомерных
многополосные
многополосный
многослойные
многочастотная
множеств
множествам
мнтц
мобильных
моделирующие
модулирование
мостики
моховая
мультимасштабных
мультифракталов
наноструктурах
негауссов
негауссовских
негауссовской
недифференцируемых
неживой
неиспользуемые
немарковских
нерегулярной
нефтепроводы
нецелой
низкочастотный
никитов
никитова
нрэ
обнаруживаемого
обнаружителей
образо
окр
оперативная
операторам
операторами
операционное
пеленгация
передач
перколяционный
поверхност
повторяющейся
подразделе
позво
преодолевший
примитивов
проводящем
радаров
радиоизображений
радиолокационный
радиопоглощающие
радиосистем
радиосистемам
радиосистемы
радиоэлементы
развертывания
развиваемых
размерностей
разработанным
разрешимых
распре
реализуем
реконфигурируемых
рекурсивного
ренормгрупповой
риалов
ристик
самолеты
самоподобия
самоподобный
сверхволно-вые
сверхволновые
сенсорную
сенсорные
сигнатур
сигнатуру
сигнатуры
сингулярностях
синергетических
скейлинг
скейлинга
скейлингом
скейлингу
скейлтга
склероза
смежными
совместимости
спектраль
статисти
сухарева
тактических
тально
тальной
текстурные
текстурных
телекоммуникации
тензорами
тенн
террористами
тивных
топологическая
трассировки
тропосфере
турбины
удвоение
уменьшенный
универсаль
фейгенбаума
физико-технических
флуктуационной
формационных
фрактал
фракталам
фракталами
фрактале
фракталу
фракталь
фрактально-скейлингового
фрактально-скейлинговый
фрактально-струетурные
фрактального
фрактальным
фэн
хантсвилл
хевисайдом
целен
целочисленных
частотно-избирательных
частотно-селективных
шероховатого
шикарную
широкополосная
широкополосный
шифрования
эволюционное
элементарное
элементная
юй
юяьметьева
